
karramac@N-20HEPF17ASA3 MINGW64 /c/Gitstore
$ ls

karramac@N-20HEPF17ASA3 MINGW64 /c/Gitstore
$

karramac@N-20HEPF17ASA3 MINGW64 /c/Gitstore
$ git init
Initialized empty Git repository in C:/Gitstore/.git/

karramac@N-20HEPF17ASA3 MINGW64 /c/Gitstore (master)
$ ls

karramac@N-20HEPF17ASA3 MINGW64 /c/Gitstore (master)
$ cat .git/
cat: .git/: Is a directory

karramac@N-20HEPF17ASA3 MINGW64 /c/Gitstore (master)
$ cd .git

karramac@N-20HEPF17ASA3 MINGW64 /c/Gitstore/.git (GIT_DIR!)
$ ls
config  description  HEAD  hooks/  info/  objects/  refs/

karramac@N-20HEPF17ASA3 MINGW64 /c/Gitstore/.git (GIT_DIR!)
$ cat config
[core]
        repositoryformatversion = 0
        filemode = false
        bare = false
        logallrefupdates = true
        symlinks = false
        ignorecase = true

karramac@N-20HEPF17ASA3 MINGW64 /c/Gitstore/.git (GIT_DIR!)
$ git branch

karramac@N-20HEPF17ASA3 MINGW64 /c/Gitstore/.git (GIT_DIR!)
$

karramac@N-20HEPF17ASA3 MINGW64 /c/Gitstore/.git (GIT_DIR!)
$

karramac@N-20HEPF17ASA3 MINGW64 /c/Gitstore/.git (GIT_DIR!)
$ cd ..

karramac@N-20HEPF17ASA3 MINGW64 /c/Gitstore (master)
$ ls

karramac@N-20HEPF17ASA3 MINGW64 /c/Gitstore (master)
$ ls -l
total 0

karramac@N-20HEPF17ASA3 MINGW64 /c/Gitstore (master)
$ ls -la
total 12
drwxr-xr-x 1 karramac 1049089 0 Apr 24 08:44 ./
drwxr-xr-x 1 karramac 1049089 0 Apr 24 08:42 ../
drwxr-xr-x 1 karramac 1049089 0 Apr 24 08:44 .git/

karramac@N-20HEPF17ASA3 MINGW64 /c/Gitstore (master)
$

karramac@N-20HEPF17ASA3 MINGW64 /c/Gitstore (master)
$ git config user.name 'karramac'

karramac@N-20HEPF17ASA3 MINGW64 /c/Gitstore (master)
$ git config user.email 'karthik2008@hotmail.com'

karramac@N-20HEPF17ASA3 MINGW64 /c/Gitstore (master)
$ ls .git
config  description  HEAD  hooks/  info/  objects/  refs/

karramac@N-20HEPF17ASA3 MINGW64 /c/Gitstore (master)
$ git config --list
core.symlinks=false
core.autocrlf=true
core.fscache=true
color.diff=auto
color.status=auto
color.branch=auto
color.interactive=true
help.format=html
rebase.autosquash=true
http.sslbackend=openssl
http.sslcainfo=C:/Program Files/Git/mingw64/ssl/certs/ca-bundle.crt
credential.helper=manager
core.repositoryformatversion=0
core.filemode=false
core.bare=false
core.logallrefupdates=true
core.symlinks=false
core.ignorecase=true
user.name=karramac
user.email=karthik2008@hotmail.com

karramac@N-20HEPF17ASA3 MINGW64 /c/Gitstore (master)
$ echo "First attempt to git" > file

karramac@N-20HEPF17ASA3 MINGW64 /c/Gitstore (master)
$ mkdir folder

karramac@N-20HEPF17ASA3 MINGW64 /c/Gitstore (master)
$ echo "first file into a folder' > folder/file1
> ^C
karramac@N-20HEPF17ASA3 MINGW64 /c/Gitstore (master)
$ echo "first file into a folder" > folder/file1

karramac@N-20HEPF17ASA3 MINGW64 /c/Gitstore (master)
$


karramac@N-20HEPF17ASA3 MINGW64 /c/Gitstore (master)
$

karramac@N-20HEPF17ASA3 MINGW64 /c/Gitstore (master)
$ ls
file  folder/

karramac@N-20HEPF17ASA3 MINGW64 /c/Gitstore (master)
$ ls folder
file1

karramac@N-20HEPF17ASA3 MINGW64 /c/Gitstore (master)
$
git status

karramac@N-20HEPF17ASA3 MINGW64 /c/Gitstore (master)
$ git status
On branch master

No commits yet

Untracked files:
  (use "git add <file>..." to include in what will be committed)

        file
        folder/

nothing added to commit but untracked files present (use "git add" to track)

karramac@N-20HEPF17ASA3 MINGW64 /c/Gitstore (master)
$ git add .
warning: LF will be replaced by CRLF in file.
The file will have its original line endings in your working directory
warning: LF will be replaced by CRLF in folder/file1.
The file will have its original line endings in your working directory

karramac@N-20HEPF17ASA3 MINGW64 /c/Gitstore (master)
$ git status
On branch master

No commits yet

Changes to be committed:
  (use "git rm --cached <file>..." to unstage)

        new file:   file
        new file:   folder/file1


karramac@N-20HEPF17ASA3 MINGW64 /c/Gitstore (master)
$ git status -s
A  file
A  folder/file1

karramac@N-20HEPF17ASA3 MINGW64 /c/Gitstore (master)
$ git commit -m "first commit"
[master (root-commit) 07be15e] first commit
 2 files changed, 2 insertions(+)
 create mode 100644 file
 create mode 100644 folder/file1

karramac@N-20HEPF17ASA3 MINGW64 /c/Gitstore (master)
$ git diff

karramac@N-20HEPF17ASA3 MINGW64 /c/Gitstore (master)
$ git status
On branch master
nothing to commit, working tree clean

karramac@N-20HEPF17ASA3 MINGW64 /c/Gitstore (master)
$

karramac@N-20HEPF17ASA3 MINGW64 /c/Gitstore (master)
$ git push -u origin master
fatal: 'origin' does not appear to be a git repository
fatal: Could not read from remote repository.

Please make sure you have the correct access rights
and the repository exists.

karramac@N-20HEPF17ASA3 MINGW64 /c/Gitstore (master)
$ ls
file  folder/

karramac@N-20HEPF17ASA3 MINGW64 /c/Gitstore (master)
$ git status -s

karramac@N-20HEPF17ASA3 MINGW64 /c/Gitstore (master)
$ git config --list
core.symlinks=false
core.autocrlf=true
core.fscache=true
color.diff=auto
color.status=auto
color.branch=auto
color.interactive=true
help.format=html
rebase.autosquash=true
http.sslbackend=openssl
http.sslcainfo=C:/Program Files/Git/mingw64/ssl/certs/ca-bundle.crt
credential.helper=manager
core.repositoryformatversion=0
core.filemode=false
core.bare=false
core.logallrefupdates=true
core.symlinks=false
core.ignorecase=true
user.name=karramac
user.email=karthik2008@hotmail.com

karramac@N-20HEPF17ASA3 MINGW64 /c/Gitstore (master)
$ git commit -m "commit"
On branch master
nothing to commit, working tree clean

karramac@N-20HEPF17ASA3 MINGW64 /c/Gitstore (master)
$ git push . master
Everything up-to-date

karramac@N-20HEPF17ASA3 MINGW64 /c/Gitstore (master)
$ cd folder

karramac@N-20HEPF17ASA3 MINGW64 /c/Gitstore/folder (master)
$ ls
file1

karramac@N-20HEPF17ASA3 MINGW64 /c/Gitstore/folder (master)
$ echo "small changes to the same file" >> file1

karramac@N-20HEPF17ASA3 MINGW64 /c/Gitstore/folder (master)
$ cat file1
first file into a folder
small changes to the same file

karramac@N-20HEPF17ASA3 MINGW64 /c/Gitstore/folder (master)
$ cd ..

karramac@N-20HEPF17ASA3 MINGW64 /c/Gitstore (master)
$ git status
On branch master
Changes not staged for commit:
  (use "git add <file>..." to update what will be committed)
  (use "git checkout -- <file>..." to discard changes in working directory)

        modified:   folder/file1

no changes added to commit (use "git add" and/or "git commit -a")

karramac@N-20HEPF17ASA3 MINGW64 /c/Gitstore (master)
$ git add .
warning: LF will be replaced by CRLF in folder/file1.
The file will have its original line endings in your working directory

karramac@N-20HEPF17ASA3 MINGW64 /c/Gitstore (master)
$ git commit -m "new commit"
[master e7b24da] new commit
 1 file changed, 1 insertion(+)

karramac@N-20HEPF17ASA3 MINGW64 /c/Gitstore (master)
$ git remote add origin https://github.com/karramac/store.git

karramac@N-20HEPF17ASA3 MINGW64 /c/Gitstore (master)
$ git push -u origin master
Enumerating objects: 9, done.
Counting objects: 100% (9/9), done.
Delta compression using up to 4 threads
Compressing objects: 100% (5/5), done.
Writing objects: 100% (9/9), 663 bytes | 165.00 KiB/s, done.
Total 9 (delta 0), reused 0 (delta 0)
To https://github.com/karramac/store.git
 * [new branch]      master -> master
Branch 'master' set up to track remote branch 'master' from 'origin'.

karramac@N-20HEPF17ASA3 MINGW64 /c/Gitstore (master)
$ git branch
* master

karramac@N-20HEPF17ASA3 MINGW64 /c/Gitstore (master)
$

karramac@N-20HEPF17ASA3 MINGW64 /c/Gitstore (master)
$